
Running 6 tests using 6 workers

  Γ£ô  6 [webkit] ΓÇ║ tests\soloist.spec.js:4:1 ΓÇ║ should load the main page and verify title (2.6s)
  Γ£ô  1 [chromium] ΓÇ║ tests\soloist.spec.js:4:1 ΓÇ║ should load the main page and verify title (2.3s)
  Γ£ô  4 [firefox] ΓÇ║ tests\soloist.spec.js:4:1 ΓÇ║ should load the main page and verify title (3.8s)
  Γ£ÿ  3 [webkit] ΓÇ║ tests\soloist.spec.js:10:1 ΓÇ║ should navigate to onboarding when clicking create website (30.1s)
  Γ£ÿ  5 [chromium] ΓÇ║ tests\soloist.spec.js:10:1 ΓÇ║ should navigate to onboarding when clicking create website (30.1s)
  Γ£ÿ  2 [firefox] ΓÇ║ tests\soloist.spec.js:10:1 ΓÇ║ should navigate to onboarding when clicking create website (30.4s)


  1) [chromium] ΓÇ║ tests\soloist.spec.js:10:1 ΓÇ║ should navigate to onboarding when clicking create website 

    [31mTest timeout of 30000ms exceeded.[39m

    Error: locator.click: Test timeout of 30000ms exceeded.
    Call log:
    [2m  - waiting for getByRole('link', { name: 'Create Your Website' })[22m


       at ..\pages\MainPage.js:19

      17 |
      18 |     async startCreation() {
    > 19 |         await this.createWebsiteBtn.click();
         |                                     ^
      20 |     }
      21 | };
      22 |
        at MainPage.startCreation (C:\Users\My PC\Desktop\Automation Projects\Solo\pages\MainPage.js:19:37)
        at C:\Users\My PC\Desktop\Automation Projects\Solo\tests\soloist.spec.js:13:20

    Error Context: test-results\soloist-should-navigate-to-8631d-hen-clicking-create-website-chromium\error-context.md

  2) [firefox] ΓÇ║ tests\soloist.spec.js:10:1 ΓÇ║ should navigate to onboarding when clicking create website 

    [31mTest timeout of 30000ms exceeded.[39m

    Error: locator.click: Test timeout of 30000ms exceeded.
    Call log:
    [2m  - waiting for getByRole('link', { name: 'Create Your Website' })[22m


       at ..\pages\MainPage.js:19

      17 |
      18 |     async startCreation() {
    > 19 |         await this.createWebsiteBtn.click();
         |                                     ^
      20 |     }
      21 | };
      22 |
        at MainPage.startCreation (C:\Users\My PC\Desktop\Automation Projects\Solo\pages\MainPage.js:19:37)
        at C:\Users\My PC\Desktop\Automation Projects\Solo\tests\soloist.spec.js:13:20

    Error Context: test-results\soloist-should-navigate-to-8631d-hen-clicking-create-website-firefox\error-context.md

  3) [webkit] ΓÇ║ tests\soloist.spec.js:10:1 ΓÇ║ should navigate to onboarding when clicking create website 

    [31mTest timeout of 30000ms exceeded.[39m

    Error: locator.click: Test timeout of 30000ms exceeded.
    Call log:
    [2m  - waiting for getByRole('link', { name: 'Create Your Website' })[22m


       at ..\pages\MainPage.js:19

      17 |
      18 |     async startCreation() {
    > 19 |         await this.createWebsiteBtn.click();
         |                                     ^
      20 |     }
      21 | };
      22 |
        at MainPage.startCreation (C:\Users\My PC\Desktop\Automation Projects\Solo\pages\MainPage.js:19:37)
        at C:\Users\My PC\Desktop\Automation Projects\Solo\tests\soloist.spec.js:13:20

    Error Context: test-results\soloist-should-navigate-to-8631d-hen-clicking-create-website-webkit\error-context.md

  3 failed
    [chromium] ΓÇ║ tests\soloist.spec.js:10:1 ΓÇ║ should navigate to onboarding when clicking create website 
    [firefox] ΓÇ║ tests\soloist.spec.js:10:1 ΓÇ║ should navigate to onboarding when clicking create website 
    [webkit] ΓÇ║ tests\soloist.spec.js:10:1 ΓÇ║ should navigate to onboarding when clicking create website 
  3 passed (33.5s)
